Loading weights from: pinyin_bert_weights/pinyin_bert_base
Resuming training state from: pinyin_bert_weights/pinyin_bert_base_training.pth
Loaded scheduler state from checkpoint.
Resume successful. Next Epoch: 18
Total Epochs: 100
[2026-05-09 13:22:04,049] [INFO] [real_accelerator.py:203:get_accelerator] Setting ds_accelerator to cuda (auto detect)
Epoch 18 - Average Loss: 0.8834
Epoch 19 - Average Loss: 0.8782
Epoch 20 - Average Loss: 0.8686
Epoch 21 - Average Loss: 0.8593
Epoch 22 - Average Loss: 0.8509
Epoch 23 - Average Loss: 0.8422
Epoch 24 - Average Loss: 0.8347
Epoch 25 - Average Loss: 0.8276
Epoch 26 - Average Loss: 0.8207
Epoch 27 - Average Loss: 0.8145
Epoch 28 - Average Loss: 0.8086
Epoch 29 - Average Loss: 0.8029
Epoch 30 - Average Loss: 0.7976
Epoch 31 - Average Loss: 0.7924
Epoch 32 - Average Loss: 0.7876
Epoch 33 - Average Loss: 0.7829
Epoch 34 - Average Loss: 0.7784
Epoch 35 - Average Loss: 0.7738
Epoch 36 - Average Loss: 0.7698
Epoch 37 - Average Loss: 0.7660
Epoch 38 - Average Loss: 0.7618
Epoch 39 - Average Loss: 0.7586
Epoch 40 - Average Loss: 0.7550
Epoch 41 - Average Loss: 0.7516
Epoch 42 - Average Loss: 0.7479
Epoch 43 - Average Loss: 0.7447
Epoch 44 - Average Loss: 0.7417
Epoch 45 - Average Loss: 0.7389
Epoch 46 - Average Loss: 0.7360
Epoch 47 - Average Loss: 0.7330
Epoch 48 - Average Loss: 0.7308
Epoch 49 - Average Loss: 0.7283
Epoch 50 - Average Loss: 0.7258
Epoch 51 - Average Loss: 0.7240
Epoch 52 - Average Loss: 0.7220
