
Total steps: 1000000
[2026-04-22 23:03:02,338] [INFO] [real_accelerator.py:203:get_accelerator] Setting ds_accelerator to cuda (auto detect)
[93m [WARNING] [0m async_io requires the dev libaio .so object and headers but these were not found.
[93m [WARNING] [0m async_io: please install the libaio-dev package with apt
[93m [WARNING] [0m If libaio is already installed (perhaps from source), try setting the CFLAGS and LDFLAGS environment variables to where it can be found.
Epoch 1 - Average Loss: 2.8457
Epoch 2 - Average Loss: 2.1108
Epoch 3 - Average Loss: 1.4733
Epoch 4 - Average Loss: 1.3258
Epoch 5 - Average Loss: 1.2493
Epoch 6 - Average Loss: 1.1986
Epoch 7 - Average Loss: 1.1627
Epoch 8 - Average Loss: 1.1352
Epoch 9 - Average Loss: 1.1133
Epoch 10 - Average Loss: 1.0947
Epoch 11 - Average Loss: 1.0793
Epoch 12 - Average Loss: 1.0659
Epoch 13 - Average Loss: 1.0539
Epoch 14 - Average Loss: 1.0437
Epoch 15 - Average Loss: 1.0346
Epoch 16 - Average Loss: 1.0268
Epoch 17 - Average Loss: 1.0206

Epoch 28 - Average Loss: 0.9878
Epoch 29 - Average Loss: 0.9841
Epoch 30 - Average Loss: 0.9804
Epoch 31 - Average Loss: 0.9767
Epoch 32 - Average Loss: 0.9737
Epoch 33 - Average Loss: 0.9705
Epoch 34 - Average Loss: 0.9674
Epoch 35 - Average Loss: 0.9645
Epoch 36 - Average Loss: 0.9617
Epoch 37 - Average Loss: 0.9592
Epoch 38 - Average Loss: 0.9569
Epoch 39 - Average Loss: 0.9547
Epoch 40 - Average Loss: 0.9528

Epoch 52 - Average Loss: 0.9277
Epoch 53 - Average Loss: 0.9260
Epoch 54 - Average Loss: 0.9246
Epoch 55 - Average Loss: 0.9230
Epoch 56 - Average Loss: 0.9213
Epoch 57 - Average Loss: 0.9200
Epoch 58 - Average Loss: 0.9185
Epoch 59 - Average Loss: 0.9171
Epoch 60 - Average Loss: 0.9155
Epoch 61 - Average Loss: 0.9141
Epoch 62 - Average Loss: 0.9128
Epoch 63 - Average Loss: 0.9116
Epoch 64 - Average Loss: 0.9102
Epoch 65 - Average Loss: 0.9091
Epoch 66 - Average Loss: 0.9079
Epoch 67 - Average Loss: 0.9064
Epoch 68 - Average Loss: 0.9054
Epoch 69 - Average Loss: 0.9041
Epoch 70 - Average Loss: 0.9030
Epoch 71 - Average Loss: 0.9017
Epoch 72 - Average Loss: 0.9009
Epoch 73 - Average Loss: 0.8998
Epoch 74 - Average Loss: 0.8985
Epoch 75 - Average Loss: 0.8974
Epoch 76 - Average Loss: 0.8962
Epoch 77 - Average Loss: 0.8953
Epoch 78 - Average Loss: 0.8945
Epoch 79 - Average Loss: 0.8935



New (MLM 15%)
Epoch 1 - Average Loss: 2.5655
Epoch 2 - Average Loss: 1.5275
Epoch 3 - Average Loss: 1.2505
Epoch 4 - Average Loss: 1.1343
Epoch 5 - Average Loss: 1.0672
Epoch 6 - Average Loss: 1.0216
Epoch 7 - Average Loss: 0.9875
Epoch 8 - Average Loss: 0.9602
Epoch 9 - Average Loss: 0.9376
Epoch 10 - Average Loss: 0.9184
Epoch 11 - Average Loss: 0.9021
Epoch 12 - Average Loss: 0.8875
Epoch 13 - Average Loss: 0.8745
Epoch 14 - Average Loss: 0.8633
Epoch 15 - Average Loss: 0.8534
Epoch 16 - Average Loss: 0.8443
Epoch 17 - Average Loss: 0.8372