Total steps: 1000000
[2026-05-15 11:27:47,266] [INFO] [real_accelerator.py:203:get_accelerator] Setting ds_accelerator to cuda (auto detect)
[93m [WARNING] [0m async_io requires the dev libaio .so object and headers but these were not found.
[93m [WARNING] [0m async_io: please install the libaio-dev package with apt
[93m [WARNING] [0m If libaio is already installed (perhaps from source), try setting the CFLAGS and LDFLAGS environment variables to where it can be found.
Epoch 1 - Average Loss: 2.9911
Epoch 2 - Average Loss: 2.8124
Epoch 3 - Average Loss: 2.6544
Epoch 4 - Average Loss: 2.1537
Epoch 5 - Average Loss: 1.6852
Epoch 6 - Average Loss: 1.4847
Epoch 7 - Average Loss: 1.3695
Epoch 8 - Average Loss: 1.2952
Epoch 9 - Average Loss: 1.2398
Epoch 10 - Average Loss: 1.1944
Epoch 11 - Average Loss: 1.1590
Epoch 12 - Average Loss: 1.1310
Epoch 13 - Average Loss: 1.1079
Epoch 14 - Average Loss: 1.0886
Epoch 15 - Average Loss: 1.0719
Epoch 16 - Average Loss: 1.0573
Epoch 17 - Average Loss: 1.0448
Epoch 18 - Average Loss: 1.0331
Epoch 19 - Average Loss: 1.0231
Epoch 20 - Average Loss: 1.0139
Epoch 21 - Average Loss: 1.0051
Epoch 22 - Average Loss: 0.9976
Epoch 23 - Average Loss: 0.9906
Epoch 24 - Average Loss: 0.9841
Epoch 25 - Average Loss: 0.9778
Epoch 26 - Average Loss: 0.9718
Epoch 27 - Average Loss: 0.9670
Epoch 28 - Average Loss: 0.9618
Epoch 29 - Average Loss: 0.9571
Epoch 30 - Average Loss: 0.9526
Epoch 31 - Average Loss: 0.9480
Epoch 32 - Average Loss: 0.9444
Epoch 33 - Average Loss: 0.9405
Epoch 34 - Average Loss: 0.9369
Epoch 35 - Average Loss: 0.9333
Epoch 36 - Average Loss: 0.9298
Epoch 37 - Average Loss: 0.9267
Epoch 38 - Average Loss: 0.9235
Epoch 39 - Average Loss: 0.9206
Epoch 40 - Average Loss: 0.9175
Epoch 41 - Average Loss: 0.9148
Epoch 42 - Average Loss: 0.9121
Epoch 43 - Average Loss: 0.9097
Epoch 44 - Average Loss: 0.9070
Epoch 45 - Average Loss: 0.9046
Epoch 46 - Average Loss: 0.9024
Epoch 47 - Average Loss: 0.8998
Epoch 48 - Average Loss: 0.8977
Epoch 49 - Average Loss: 0.8954
Epoch 50 - Average Loss: 0.8934
Epoch 51 - Average Loss: 0.8910
Epoch 52 - Average Loss: 0.8891
Epoch 53 - Average Loss: 0.8872
Epoch 54 - Average Loss: 0.8850
Epoch 55 - Average Loss: 0.8832
Epoch 56 - Average Loss: 0.8817
Epoch 57 - Average Loss: 0.8796
Epoch 58 - Average Loss: 0.8779
Epoch 59 - Average Loss: 0.8762
Epoch 60 - Average Loss: 0.8745
Epoch 61 - Average Loss: 0.8727
Epoch 62 - Average Loss: 0.8712
Epoch 63 - Average Loss: 0.8695
Epoch 64 - Average Loss: 0.8682
Epoch 65 - Average Loss: 0.8665
Epoch 66 - Average Loss: 0.8651
Epoch 67 - Average Loss: 0.8634
Epoch 68 - Average Loss: 0.8619
Epoch 69 - Average Loss: 0.8607
Epoch 70 - Average Loss: 0.8594
Epoch 71 - Average Loss: 0.8579
Epoch 72 - Average Loss: 0.8568
Epoch 73 - Average Loss: 0.8556
Epoch 74 - Average Loss: 0.8542
Epoch 75 - Average Loss: 0.8532
Epoch 76 - Average Loss: 0.8520
Epoch 77 - Average Loss: 0.8508
Epoch 78 - Average Loss: 0.8498
Epoch 79 - Average Loss: 0.8488
Epoch 80 - Average Loss: 0.8478
Epoch 81 - Average Loss: 0.8469
Epoch 82 - Average Loss: 0.8462
Epoch 83 - Average Loss: 0.8457
